../Core/Src/lcd_Touch_F4DISCO.c:383:6:LCD_ILI9341_Init	16	static
../Core/Src/lcd_Touch_F4DISCO.c:501:6:LCD_ILI9341_Delay	16	static
../Core/Src/lcd_Touch_F4DISCO.c:506:6:LCD_ILI9341_SendCommand	16	static
../Core/Src/lcd_Touch_F4DISCO.c:514:6:LCD_ILI9341_SendData	16	static
../Core/Src/lcd_Touch_F4DISCO.c:522:6:LCD_ILI9341_DrawPixel	16	static
../Core/Src/lcd_Touch_F4DISCO.c:530:6:LCD_ILI9341_SetCursorPosition	24	static
../Core/Src/lcd_Touch_F4DISCO.c:546:6:LCD_ILI9341_Fill	32	static
../Core/Src/lcd_Touch_F4DISCO.c:581:6:LCD_ILI9341_Rotate	16	static
../Core/Src/lcd_Touch_F4DISCO.c:605:6:LCD_ILI9341_Puts	40	static
../Core/Src/lcd_Touch_F4DISCO.c:635:6:LCD_ILI9341_GetStringSize	32	static
../Core/Src/lcd_Touch_F4DISCO.c:646:6:LCD_ILI9341_Putc	40	static
../Core/Src/lcd_Touch_F4DISCO.c:677:6:LCD_ILI9341_DrawLine	40	static
../Core/Src/lcd_Touch_F4DISCO.c:742:6:LCD_ILI9341_DrawRectangle	32	static
../Core/Src/lcd_Touch_F4DISCO.c:750:6:LCD_ILI9341_DrawFilledRectangle	32	static
../Core/Src/lcd_Touch_F4DISCO.c:772:6:LCD_ILI9341_DrawCircle	40	static
../Core/Src/lcd_Touch_F4DISCO.c:808:6:LCD_ILI9341_DrawFilledCircle	48	static
../Core/Src/lcd_Touch_F4DISCO.c:846:6:LCD_SPI_Send	16	static
../Core/Src/lcd_Touch_F4DISCO.c:870:19:LCD_ILI9341_DisplayImage	24	static
../Core/Src/lcd_Touch_F4DISCO.c:1079:6:LCD_SPI_BaudRateUp	8	static
../Core/Src/lcd_Touch_F4DISCO.c:1091:6:LCD_ILI9341_DrawPixel_ImageBuffer	48	static
../Core/Src/lcd_Touch_F4DISCO.c:1116:6:LCD_ILI9341_Putc_ImageBuffer	40	static
../Core/Src/lcd_Touch_F4DISCO.c:1139:6:LCD_ILI9341_Puts_ImageBuffer	40	static
../Core/Src/lcd_Touch_F4DISCO.c:1171:6:LCD_ILI9341_DrawLine_ImageBuffer	40	static
../Core/Src/lcd_Touch_F4DISCO.c:1213:6:LCD_ILI9341_DrawRectangle_ImageBuffer	32	static
../Core/Src/lcd_Touch_F4DISCO.c:1223:6:LCD_ILI9341_DrawFilledRectangle_ImageBuffer	32	static
../Core/Src/lcd_Touch_F4DISCO.c:1237:9:TP_Config	16	static
../Core/Src/lcd_Touch_F4DISCO.c:1269:11:TP_GetState	24	static
../Core/Src/lcd_Touch_F4DISCO.c:1303:17:TP_Read_X	16	static
../Core/Src/lcd_Touch_F4DISCO.c:1333:17:TP_Read_Y	16	static
../Core/Src/lcd_Touch_F4DISCO.c:1355:17:TP_Read_Z	16	static
../Core/Src/lcd_Touch_F4DISCO.c:1368:9:TP_Reset	8	static
../Core/Src/lcd_Touch_F4DISCO.c:1381:9:TP_FnctCmd	24	static
../Core/Src/lcd_Touch_F4DISCO.c:1401:9:TP_IOAFConfig	24	static
../Core/Src/lcd_Touch_F4DISCO.c:1427:9:TP_ReadDeviceRegister	32	static,ignoring_inline_asm
../Core/Src/lcd_Touch_F4DISCO.c:1450:9:TP_WriteDeviceRegister	32	static,ignoring_inline_asm
../Core/Src/lcd_Touch_F4DISCO.c:1468:10:TP_ReadDataBuffer	32	static,ignoring_inline_asm
../Core/Src/main.c:79:6:HAL_TIM_PeriodElapsedCallback	32	static
../Core/Src/main.c:145:5:main	16	static
../Core/Src/main.c:261:6:delayx	16	static
../Core/Src/main.c:263:6:SystemClock_Config	88	static
../Core/Src/main.c:316:13:MX_I2C3_Init	8	static
../Core/Src/main.c:364:13:MX_SPI5_Init	8	static
../Core/Src/main.c:402:13:MX_TIM3_Init	32	static
../Core/Src/main.c:447:13:MX_GPIO_Init	56	static
../Core/Src/main.c:516:6:Error_Handler	4	static,ignoring_inline_asm
